// Jest Snapshot v1, https://goo.gl/fbAQLP

exports[`App 1`] = `
<main
  class="app"
>
  <section>
    <h1>
      Transformation Dictionaries
    </h1>
  </section>
  <section>
    <h3>
      Dictionary
    </h3>
    <table
      class="dataTable"
    >
      <tbody>
        <tr
          class="row editable"
        >
          <td>
            <form>
              <input
                class=""
                required=""
                type="text"
                value=""
              />
            </form>
          </td>
          <td>
            <form>
              <input
                required=""
                type="text"
                value=""
              />
            </form>
          </td>
          <td
            class="controls editable"
          >
            <img
              alt="Submit"
              class="controlButton"
              src="[object Object]"
            />
            <img
              alt="Delete"
              class="controlButton"
              src="[object Object]"
            />
          </td>
        </tr>
      </tbody>
    </table>
  </section>
  <section
    class="resultsArea"
  >
    <h3>
      Results
    </h3>
    <table
      class="dataTable"
    >
      <tbody />
    </table>
  </section>
</main>
`;
